<p>This module has the following dependencies:</p>
<dl class="dependencies"><dt>Direct dependencies</dt><dd>This module has no dependencies.</dd></dl>
